[0.069s] DEBUG:colcon:Command line arguments: ['/usr/bin/colcon', 'build', '--packages-select', 'utbots_tasks']
[0.069s] DEBUG:colcon:Parsed command line arguments: Namespace(log_base=None, log_level=None, verb_name='build', build_base='build', install_base='install', merge_install=False, symlink_install=False, test_result_base=None, continue_on_error=False, executor='parallel', parallel_workers=16, event_handlers=None, ignore_user_meta=False, metas=['./colcon.meta'], base_paths=['.'], packages_ignore=None, packages_ignore_regex=None, paths=None, packages_up_to=None, packages_up_to_regex=None, packages_above=None, packages_above_and_dependencies=None, packages_above_depth=None, packages_select_by_dep=None, packages_skip_by_dep=None, packages_skip_up_to=None, packages_select_build_failed=False, packages_skip_build_finished=False, packages_select_test_failures=False, packages_skip_test_passed=False, packages_select=['utbots_tasks'], packages_skip=None, packages_select_regex=None, packages_skip_regex=None, packages_start=None, packages_end=None, allow_overriding=[], cmake_args=None, cmake_target=None, cmake_target_skip_unavailable=False, cmake_clean_cache=False, cmake_clean_first=False, cmake_force_configure=False, ament_cmake_args=None, catkin_cmake_args=None, catkin_skip_building_tests=False, verb_parser=<colcon_defaults.argument_parser.defaults.DefaultArgumentsDecorator object at 0x72d74cd947f0>, verb_extension=<colcon_core.verb.build.BuildVerb object at 0x72d74cd94220>, main=<bound method BuildVerb.main of <colcon_core.verb.build.BuildVerb object at 0x72d74cd94220>>)
[0.177s] Level 1:colcon.colcon_core.package_discovery:discover_packages(colcon_meta) check parameters
[0.177s] Level 1:colcon.colcon_core.package_discovery:discover_packages(recursive) check parameters
[0.177s] Level 1:colcon.colcon_core.package_discovery:discover_packages(ignore) check parameters
[0.177s] Level 1:colcon.colcon_core.package_discovery:discover_packages(path) check parameters
[0.177s] Level 1:colcon.colcon_core.package_discovery:discover_packages(colcon_meta) discover
[0.177s] Level 1:colcon.colcon_core.package_discovery:discover_packages(recursive) discover
[0.177s] INFO:colcon.colcon_core.package_discovery:Crawling recursively for packages in '/home/laser/ros2_ws/src/utbots_tasks'
[0.177s] Level 1:colcon.colcon_core.package_identification:_identify(.) by extensions ['ignore', 'ignore_ament_install']
[0.177s] Level 1:colcon.colcon_core.package_identification:_identify(.) by extension 'ignore'
[0.178s] Level 1:colcon.colcon_core.package_identification:_identify(.) by extension 'ignore_ament_install'
[0.178s] Level 1:colcon.colcon_core.package_identification:_identify(.) by extensions ['colcon_pkg']
[0.178s] Level 1:colcon.colcon_core.package_identification:_identify(.) by extension 'colcon_pkg'
[0.178s] Level 1:colcon.colcon_core.package_identification:_identify(.) by extensions ['colcon_meta']
[0.178s] Level 1:colcon.colcon_core.package_identification:_identify(.) by extension 'colcon_meta'
[0.178s] Level 1:colcon.colcon_core.package_identification:_identify(.) by extensions ['ros']
[0.178s] Level 1:colcon.colcon_core.package_identification:_identify(.) by extension 'ros'
[0.186s] DEBUG:colcon.colcon_core.package_identification:Package '.' with type 'ros.ament_python' and name 'utbots_tasks'
[0.186s] Level 1:colcon.colcon_core.package_discovery:discover_packages(recursive) using defaults
[0.186s] Level 1:colcon.colcon_core.package_discovery:discover_packages(ignore) discover
[0.186s] Level 1:colcon.colcon_core.package_discovery:discover_packages(ignore) using defaults
[0.186s] Level 1:colcon.colcon_core.package_discovery:discover_packages(path) discover
[0.186s] Level 1:colcon.colcon_core.package_discovery:discover_packages(path) using defaults
[0.205s] Level 1:colcon.colcon_core.package_discovery:discover_packages(prefix_path) check parameters
[0.205s] Level 1:colcon.colcon_core.package_discovery:discover_packages(prefix_path) discover
[0.206s] DEBUG:colcon.colcon_installed_package_information.package_discovery:Found 15 installed packages in /home/laser/ros2_ws/install
[0.208s] DEBUG:colcon.colcon_installed_package_information.package_discovery:Found 449 installed packages in /opt/ros/humble
[0.209s] Level 1:colcon.colcon_core.package_discovery:discover_packages(prefix_path) using defaults
[0.240s] Level 5:colcon.colcon_core.verb:set package 'utbots_tasks' build argument 'cmake_args' from command line to 'None'
[0.240s] Level 5:colcon.colcon_core.verb:set package 'utbots_tasks' build argument 'cmake_target' from command line to 'None'
[0.240s] Level 5:colcon.colcon_core.verb:set package 'utbots_tasks' build argument 'cmake_target_skip_unavailable' from command line to 'False'
[0.240s] Level 5:colcon.colcon_core.verb:set package 'utbots_tasks' build argument 'cmake_clean_cache' from command line to 'False'
[0.240s] Level 5:colcon.colcon_core.verb:set package 'utbots_tasks' build argument 'cmake_clean_first' from command line to 'False'
[0.240s] Level 5:colcon.colcon_core.verb:set package 'utbots_tasks' build argument 'cmake_force_configure' from command line to 'False'
[0.240s] Level 5:colcon.colcon_core.verb:set package 'utbots_tasks' build argument 'ament_cmake_args' from command line to 'None'
[0.240s] Level 5:colcon.colcon_core.verb:set package 'utbots_tasks' build argument 'catkin_cmake_args' from command line to 'None'
[0.240s] Level 5:colcon.colcon_core.verb:set package 'utbots_tasks' build argument 'catkin_skip_building_tests' from command line to 'False'
[0.240s] DEBUG:colcon.colcon_core.verb:Building package 'utbots_tasks' with the following arguments: {'ament_cmake_args': None, 'build_base': '/home/laser/ros2_ws/src/utbots_tasks/build/utbots_tasks', 'catkin_cmake_args': None, 'catkin_skip_building_tests': False, 'cmake_args': None, 'cmake_clean_cache': False, 'cmake_clean_first': False, 'cmake_force_configure': False, 'cmake_target': None, 'cmake_target_skip_unavailable': False, 'install_base': '/home/laser/ros2_ws/src/utbots_tasks/install/utbots_tasks', 'merge_install': False, 'path': '/home/laser/ros2_ws/src/utbots_tasks', 'symlink_install': False, 'test_result_base': None}
[0.241s] INFO:colcon.colcon_core.executor:Executing jobs using 'parallel' executor
[0.241s] DEBUG:colcon.colcon_parallel_executor.executor.parallel:run_until_complete
[0.242s] INFO:colcon.colcon_ros.task.ament_python.build:Building ROS package in '/home/laser/ros2_ws/src/utbots_tasks' with build type 'ament_python'
[0.242s] Level 1:colcon.colcon_core.shell:create_environment_hook('utbots_tasks', 'ament_prefix_path')
[0.243s] INFO:colcon.colcon_core.plugin_system:Skipping extension 'colcon_core.shell.bat': Not used on non-Windows systems
[0.243s] INFO:colcon.colcon_core.shell:Creating environment hook '/home/laser/ros2_ws/src/utbots_tasks/install/utbots_tasks/share/utbots_tasks/hook/ament_prefix_path.ps1'
[0.244s] INFO:colcon.colcon_core.shell:Creating environment descriptor '/home/laser/ros2_ws/src/utbots_tasks/install/utbots_tasks/share/utbots_tasks/hook/ament_prefix_path.dsv'
[0.244s] INFO:colcon.colcon_core.shell:Creating environment hook '/home/laser/ros2_ws/src/utbots_tasks/install/utbots_tasks/share/utbots_tasks/hook/ament_prefix_path.sh'
[0.244s] INFO:colcon.colcon_core.shell:Skip shell extension 'powershell' for command environment: Not usable outside of PowerShell
[0.244s] DEBUG:colcon.colcon_core.shell:Skip shell extension 'dsv' for command environment
[0.421s] INFO:colcon.colcon_core.task.python.build:Building Python package in '/home/laser/ros2_ws/src/utbots_tasks'
[0.421s] INFO:colcon.colcon_core.shell:Skip shell extension 'powershell' for command environment: Not usable outside of PowerShell
[0.422s] DEBUG:colcon.colcon_core.shell:Skip shell extension 'dsv' for command environment
[0.680s] DEBUG:colcon.colcon_core.event_handler.log_command:Invoking command in '/home/laser/ros2_ws/src/utbots_tasks': PYTHONPATH=/home/laser/ros2_ws/src/utbots_tasks/build/utbots_tasks/prefix_override:/usr/lib/python3/dist-packages/colcon_core/task/python/colcon_distutils_commands:/home/laser/ros2_ws/src/utbots_tasks/install/utbots_tasks/lib/python3.10/site-packages:${PYTHONPATH} VIRTUAL_ENV_PROMPT=(ros_env) /usr/bin/python3 -W ignore:setup.py install is deprecated -W ignore:easy_install command is deprecated setup.py egg_info --egg-base build/utbots_tasks build --build-base /home/laser/ros2_ws/src/utbots_tasks/build/utbots_tasks/build install --record /home/laser/ros2_ws/src/utbots_tasks/build/utbots_tasks/install.log --single-version-externally-managed install_data
[0.887s] DEBUG:colcon.colcon_core.event_handler.log_command:Invoked command in '/home/laser/ros2_ws/src/utbots_tasks' returned '0': PYTHONPATH=/home/laser/ros2_ws/src/utbots_tasks/build/utbots_tasks/prefix_override:/usr/lib/python3/dist-packages/colcon_core/task/python/colcon_distutils_commands:/home/laser/ros2_ws/src/utbots_tasks/install/utbots_tasks/lib/python3.10/site-packages:${PYTHONPATH} VIRTUAL_ENV_PROMPT=(ros_env) /usr/bin/python3 -W ignore:setup.py install is deprecated -W ignore:easy_install command is deprecated setup.py egg_info --egg-base build/utbots_tasks build --build-base /home/laser/ros2_ws/src/utbots_tasks/build/utbots_tasks/build install --record /home/laser/ros2_ws/src/utbots_tasks/build/utbots_tasks/install.log --single-version-externally-managed install_data
[0.889s] Level 1:colcon.colcon_core.environment:checking '/home/laser/ros2_ws/src/utbots_tasks/install/utbots_tasks' for CMake module files
[0.889s] Level 1:colcon.colcon_core.environment:checking '/home/laser/ros2_ws/src/utbots_tasks/install/utbots_tasks' for CMake config files
[0.890s] Level 1:colcon.colcon_core.environment:checking '/home/laser/ros2_ws/src/utbots_tasks/install/utbots_tasks/lib'
[0.890s] Level 1:colcon.colcon_core.environment:checking '/home/laser/ros2_ws/src/utbots_tasks/install/utbots_tasks/bin'
[0.890s] Level 1:colcon.colcon_core.environment:checking '/home/laser/ros2_ws/src/utbots_tasks/install/utbots_tasks/lib/pkgconfig/utbots_tasks.pc'
[0.890s] Level 1:colcon.colcon_core.environment:checking '/home/laser/ros2_ws/src/utbots_tasks/install/utbots_tasks/lib/python3.10/site-packages'
[0.890s] Level 1:colcon.colcon_core.shell:create_environment_hook('utbots_tasks', 'pythonpath')
[0.890s] INFO:colcon.colcon_core.shell:Creating environment hook '/home/laser/ros2_ws/src/utbots_tasks/install/utbots_tasks/share/utbots_tasks/hook/pythonpath.ps1'
[0.890s] INFO:colcon.colcon_core.shell:Creating environment descriptor '/home/laser/ros2_ws/src/utbots_tasks/install/utbots_tasks/share/utbots_tasks/hook/pythonpath.dsv'
[0.890s] INFO:colcon.colcon_core.shell:Creating environment hook '/home/laser/ros2_ws/src/utbots_tasks/install/utbots_tasks/share/utbots_tasks/hook/pythonpath.sh'
[0.891s] Level 1:colcon.colcon_core.environment:checking '/home/laser/ros2_ws/src/utbots_tasks/install/utbots_tasks/bin'
[0.891s] Level 1:colcon.colcon_core.environment:create_environment_scripts_only(utbots_tasks)
[0.891s] INFO:colcon.colcon_core.shell:Creating package script '/home/laser/ros2_ws/src/utbots_tasks/install/utbots_tasks/share/utbots_tasks/package.ps1'
[0.892s] INFO:colcon.colcon_core.shell:Creating package descriptor '/home/laser/ros2_ws/src/utbots_tasks/install/utbots_tasks/share/utbots_tasks/package.dsv'
[0.892s] INFO:colcon.colcon_core.shell:Creating package script '/home/laser/ros2_ws/src/utbots_tasks/install/utbots_tasks/share/utbots_tasks/package.sh'
[0.892s] INFO:colcon.colcon_core.shell:Creating package script '/home/laser/ros2_ws/src/utbots_tasks/install/utbots_tasks/share/utbots_tasks/package.bash'
[0.893s] INFO:colcon.colcon_core.shell:Creating package script '/home/laser/ros2_ws/src/utbots_tasks/install/utbots_tasks/share/utbots_tasks/package.zsh'
[0.893s] Level 1:colcon.colcon_core.environment:create_file_with_runtime_dependencies(/home/laser/ros2_ws/src/utbots_tasks/install/utbots_tasks/share/colcon-core/packages/utbots_tasks)
[0.893s] DEBUG:colcon.colcon_parallel_executor.executor.parallel:closing loop
[0.893s] DEBUG:colcon.colcon_parallel_executor.executor.parallel:loop closed
[0.894s] DEBUG:colcon.colcon_parallel_executor.executor.parallel:run_until_complete finished with '0'
[0.894s] DEBUG:colcon.colcon_core.event_reactor:joining thread
[0.897s] INFO:colcon.colcon_core.plugin_system:Skipping extension 'colcon_notification.desktop_notification.terminal_notifier': Not used on non-Darwin systems
[0.898s] INFO:colcon.colcon_core.plugin_system:Skipping extension 'colcon_notification.desktop_notification.win32': Not used on non-Windows systems
[0.898s] INFO:colcon.colcon_notification.desktop_notification:Sending desktop notification using 'notify2'
[0.907s] DEBUG:colcon.colcon_core.event_reactor:joined thread
[0.908s] INFO:colcon.colcon_core.shell:Creating prefix script '/home/laser/ros2_ws/src/utbots_tasks/install/local_setup.ps1'
[0.909s] INFO:colcon.colcon_core.shell:Creating prefix util module '/home/laser/ros2_ws/src/utbots_tasks/install/_local_setup_util_ps1.py'
[0.910s] INFO:colcon.colcon_core.shell:Creating prefix chain script '/home/laser/ros2_ws/src/utbots_tasks/install/setup.ps1'
[0.911s] INFO:colcon.colcon_core.shell:Creating prefix script '/home/laser/ros2_ws/src/utbots_tasks/install/local_setup.sh'
[0.912s] INFO:colcon.colcon_core.shell:Creating prefix util module '/home/laser/ros2_ws/src/utbots_tasks/install/_local_setup_util_sh.py'
[0.912s] INFO:colcon.colcon_core.shell:Creating prefix chain script '/home/laser/ros2_ws/src/utbots_tasks/install/setup.sh'
[0.913s] INFO:colcon.colcon_core.shell:Creating prefix script '/home/laser/ros2_ws/src/utbots_tasks/install/local_setup.bash'
[0.914s] INFO:colcon.colcon_core.shell:Creating prefix chain script '/home/laser/ros2_ws/src/utbots_tasks/install/setup.bash'
[0.914s] INFO:colcon.colcon_core.shell:Creating prefix script '/home/laser/ros2_ws/src/utbots_tasks/install/local_setup.zsh'
[0.915s] INFO:colcon.colcon_core.shell:Creating prefix chain script '/home/laser/ros2_ws/src/utbots_tasks/install/setup.zsh'
