[0.438s] Invoking command in '/home/laser/ros2_ws/src/utbots_tasks': PYTHONPATH=/home/laser/ros2_ws/src/utbots_tasks/build/utbots_tasks/prefix_override:/usr/lib/python3/dist-packages/colcon_core/task/python/colcon_distutils_commands:/home/laser/ros2_ws/src/utbots_tasks/install/utbots_tasks/lib/python3.10/site-packages:${PYTHONPATH} VIRTUAL_ENV_PROMPT=(ros_env) /usr/bin/python3 -W ignore:setup.py install is deprecated -W ignore:easy_install command is deprecated setup.py egg_info --egg-base build/utbots_tasks build --build-base /home/laser/ros2_ws/src/utbots_tasks/build/utbots_tasks/build install --record /home/laser/ros2_ws/src/utbots_tasks/build/utbots_tasks/install.log --single-version-externally-managed install_data
[0.609s] running egg_info
[0.610s] writing build/utbots_tasks/utbots_tasks.egg-info/PKG-INFO
[0.610s] writing dependency_links to build/utbots_tasks/utbots_tasks.egg-info/dependency_links.txt
[0.610s] writing entry points to build/utbots_tasks/utbots_tasks.egg-info/entry_points.txt
[0.610s] writing requirements to build/utbots_tasks/utbots_tasks.egg-info/requires.txt
[0.610s] writing top-level names to build/utbots_tasks/utbots_tasks.egg-info/top_level.txt
[0.611s] reading manifest file 'build/utbots_tasks/utbots_tasks.egg-info/SOURCES.txt'
[0.612s] writing manifest file 'build/utbots_tasks/utbots_tasks.egg-info/SOURCES.txt'
[0.612s] running build
[0.612s] running build_py
[0.613s] running install
[0.613s] running install_lib
[0.614s] running install_data
[0.614s] copying launch/receptionist.launch.py -> /home/laser/ros2_ws/src/utbots_tasks/install/utbots_tasks/share/utbots_tasks/launch
[0.614s] running install_egg_info
[0.616s] removing '/home/laser/ros2_ws/src/utbots_tasks/install/utbots_tasks/lib/python3.10/site-packages/utbots_tasks-0.0.0-py3.10.egg-info' (and everything under it)
[0.616s] Copying build/utbots_tasks/utbots_tasks.egg-info to /home/laser/ros2_ws/src/utbots_tasks/install/utbots_tasks/lib/python3.10/site-packages/utbots_tasks-0.0.0-py3.10.egg-info
[0.616s] running install_scripts
[0.631s] Installing beverage_search script to /home/laser/ros2_ws/src/utbots_tasks/install/utbots_tasks/lib/utbots_tasks
[0.632s] Installing receptionist script to /home/laser/ros2_ws/src/utbots_tasks/install/utbots_tasks/lib/utbots_tasks
[0.632s] Installing recognition script to /home/laser/ros2_ws/src/utbots_tasks/install/utbots_tasks/lib/utbots_tasks
[0.632s] Installing voice_nav_smach script to /home/laser/ros2_ws/src/utbots_tasks/install/utbots_tasks/lib/utbots_tasks
[0.632s] writing list of installed files to '/home/laser/ros2_ws/src/utbots_tasks/build/utbots_tasks/install.log'
[0.645s] Invoked command in '/home/laser/ros2_ws/src/utbots_tasks' returned '0': PYTHONPATH=/home/laser/ros2_ws/src/utbots_tasks/build/utbots_tasks/prefix_override:/usr/lib/python3/dist-packages/colcon_core/task/python/colcon_distutils_commands:/home/laser/ros2_ws/src/utbots_tasks/install/utbots_tasks/lib/python3.10/site-packages:${PYTHONPATH} VIRTUAL_ENV_PROMPT=(ros_env) /usr/bin/python3 -W ignore:setup.py install is deprecated -W ignore:easy_install command is deprecated setup.py egg_info --egg-base build/utbots_tasks build --build-base /home/laser/ros2_ws/src/utbots_tasks/build/utbots_tasks/build install --record /home/laser/ros2_ws/src/utbots_tasks/build/utbots_tasks/install.log --single-version-externally-managed install_data
