[2.892s] Invoking command in '/home/robo/david_ws/src/utbots_tasks/utbots_tasks': PYTHONPATH=/home/robo/david_ws/src/utbots_tasks/build/utbots_tasks/prefix_override:/usr/lib/python3/dist-packages/colcon_core/task/python/colcon_distutils_commands:/home/robo/david_ws/src/utbots_tasks/install/utbots_tasks/lib/python3.10/site-packages:${PYTHONPATH} /usr/bin/python3 -W ignore:setup.py install is deprecated -W ignore:easy_install command is deprecated setup.py egg_info --egg-base ../build/utbots_tasks build --build-base /home/robo/david_ws/src/utbots_tasks/build/utbots_tasks/build install --record /home/robo/david_ws/src/utbots_tasks/build/utbots_tasks/install.log --single-version-externally-managed install_data
[3.903s] running egg_info
[3.905s] creating ../build/utbots_tasks/utbots_tasks.egg-info
[3.906s] writing ../build/utbots_tasks/utbots_tasks.egg-info/PKG-INFO
[3.906s] writing dependency_links to ../build/utbots_tasks/utbots_tasks.egg-info/dependency_links.txt
[3.907s] writing entry points to ../build/utbots_tasks/utbots_tasks.egg-info/entry_points.txt
[3.907s] writing requirements to ../build/utbots_tasks/utbots_tasks.egg-info/requires.txt
[3.908s] writing top-level names to ../build/utbots_tasks/utbots_tasks.egg-info/top_level.txt
[3.908s] writing manifest file '../build/utbots_tasks/utbots_tasks.egg-info/SOURCES.txt'
[3.912s] reading manifest file '../build/utbots_tasks/utbots_tasks.egg-info/SOURCES.txt'
[3.914s] writing manifest file '../build/utbots_tasks/utbots_tasks.egg-info/SOURCES.txt'
[3.915s] running build
[3.915s] running build_py
[3.915s] creating /home/robo/david_ws/src/utbots_tasks/build/utbots_tasks/build
[3.916s] creating /home/robo/david_ws/src/utbots_tasks/build/utbots_tasks/build/lib
[3.916s] creating /home/robo/david_ws/src/utbots_tasks/build/utbots_tasks/build/lib/utbots_tasks
[3.916s] copying utbots_tasks/__init__.py -> /home/robo/david_ws/src/utbots_tasks/build/utbots_tasks/build/lib/utbots_tasks
[3.916s] copying utbots_tasks/beverage_search.py -> /home/robo/david_ws/src/utbots_tasks/build/utbots_tasks/build/lib/utbots_tasks
[3.916s] running install
[3.917s] running install_lib
[3.919s] creating /home/robo/david_ws/src/utbots_tasks/install/utbots_tasks/lib/python3.10/site-packages/utbots_tasks
[3.919s] copying /home/robo/david_ws/src/utbots_tasks/build/utbots_tasks/build/lib/utbots_tasks/__init__.py -> /home/robo/david_ws/src/utbots_tasks/install/utbots_tasks/lib/python3.10/site-packages/utbots_tasks
[3.919s] copying /home/robo/david_ws/src/utbots_tasks/build/utbots_tasks/build/lib/utbots_tasks/beverage_search.py -> /home/robo/david_ws/src/utbots_tasks/install/utbots_tasks/lib/python3.10/site-packages/utbots_tasks
[3.921s] byte-compiling /home/robo/david_ws/src/utbots_tasks/install/utbots_tasks/lib/python3.10/site-packages/utbots_tasks/__init__.py to __init__.cpython-310.pyc
[3.921s] byte-compiling /home/robo/david_ws/src/utbots_tasks/install/utbots_tasks/lib/python3.10/site-packages/utbots_tasks/beverage_search.py to beverage_search.cpython-310.pyc
[3.923s] running install_data
[3.924s] creating /home/robo/david_ws/src/utbots_tasks/install/utbots_tasks/share/ament_index
[3.924s] creating /home/robo/david_ws/src/utbots_tasks/install/utbots_tasks/share/ament_index/resource_index
[3.924s] creating /home/robo/david_ws/src/utbots_tasks/install/utbots_tasks/share/ament_index/resource_index/packages
[3.924s] copying resource/utbots_tasks -> /home/robo/david_ws/src/utbots_tasks/install/utbots_tasks/share/ament_index/resource_index/packages
[3.925s] copying package.xml -> /home/robo/david_ws/src/utbots_tasks/install/utbots_tasks/share/utbots_tasks
[3.925s] running install_egg_info
[3.929s] Copying ../build/utbots_tasks/utbots_tasks.egg-info to /home/robo/david_ws/src/utbots_tasks/install/utbots_tasks/lib/python3.10/site-packages/utbots_tasks-0.0.0-py3.10.egg-info
[3.931s] running install_scripts
[4.005s] Installing beverage_search script to /home/robo/david_ws/src/utbots_tasks/install/utbots_tasks/lib/utbots_tasks
[4.006s] writing list of installed files to '/home/robo/david_ws/src/utbots_tasks/build/utbots_tasks/install.log'
[4.090s] Invoked command in '/home/robo/david_ws/src/utbots_tasks/utbots_tasks' returned '0': PYTHONPATH=/home/robo/david_ws/src/utbots_tasks/build/utbots_tasks/prefix_override:/usr/lib/python3/dist-packages/colcon_core/task/python/colcon_distutils_commands:/home/robo/david_ws/src/utbots_tasks/install/utbots_tasks/lib/python3.10/site-packages:${PYTHONPATH} /usr/bin/python3 -W ignore:setup.py install is deprecated -W ignore:easy_install command is deprecated setup.py egg_info --egg-base ../build/utbots_tasks build --build-base /home/robo/david_ws/src/utbots_tasks/build/utbots_tasks/build install --record /home/robo/david_ws/src/utbots_tasks/build/utbots_tasks/install.log --single-version-externally-managed install_data
