/home/laser/ros2_ws/src/utbots_tasks/install/utbots_tasks/lib/python3.10/site-packages/utbots_tasks/__init__.py
/home/laser/ros2_ws/src/utbots_tasks/install/utbots_tasks/lib/python3.10/site-packages/utbots_tasks/tasks/receptionist.py
/home/laser/ros2_ws/src/utbots_tasks/install/utbots_tasks/lib/python3.10/site-packages/utbots_tasks/tasks/beverage_search.py
/home/laser/ros2_ws/src/utbots_tasks/install/utbots_tasks/lib/python3.10/site-packages/utbots_tasks/tasks/voice_nav.py
/home/laser/ros2_ws/src/utbots_tasks/install/utbots_tasks/lib/python3.10/site-packages/utbots_tasks/tasks/__init__.py
/home/laser/ros2_ws/src/utbots_tasks/install/utbots_tasks/lib/python3.10/site-packages/utbots_tasks/states/basic_face.py
/home/laser/ros2_ws/src/utbots_tasks/install/utbots_tasks/lib/python3.10/site-packages/utbots_tasks/states/basic_vision.py
/home/laser/ros2_ws/src/utbots_tasks/install/utbots_tasks/lib/python3.10/site-packages/utbots_tasks/states/__init__.py
/home/laser/ros2_ws/src/utbots_tasks/install/utbots_tasks/lib/python3.10/site-packages/utbots_tasks/states/basic_voice.py
/home/laser/ros2_ws/src/utbots_tasks/install/utbots_tasks/lib/python3.10/site-packages/utbots_tasks/states/basic_nav.py
/home/laser/ros2_ws/src/utbots_tasks/install/utbots_tasks/lib/python3.10/site-packages/utbots_tasks/states/logs.py
/home/laser/ros2_ws/src/utbots_tasks/install/utbots_tasks/lib/python3.10/site-packages/utbots_tasks/__pycache__/__init__.cpython-310.pyc
/home/laser/ros2_ws/src/utbots_tasks/install/utbots_tasks/lib/python3.10/site-packages/utbots_tasks/tasks/__pycache__/receptionist.cpython-310.pyc
/home/laser/ros2_ws/src/utbots_tasks/install/utbots_tasks/lib/python3.10/site-packages/utbots_tasks/tasks/__pycache__/beverage_search.cpython-310.pyc
/home/laser/ros2_ws/src/utbots_tasks/install/utbots_tasks/lib/python3.10/site-packages/utbots_tasks/tasks/__pycache__/voice_nav.cpython-310.pyc
/home/laser/ros2_ws/src/utbots_tasks/install/utbots_tasks/lib/python3.10/site-packages/utbots_tasks/tasks/__pycache__/__init__.cpython-310.pyc
/home/laser/ros2_ws/src/utbots_tasks/install/utbots_tasks/lib/python3.10/site-packages/utbots_tasks/states/__pycache__/basic_face.cpython-310.pyc
/home/laser/ros2_ws/src/utbots_tasks/install/utbots_tasks/lib/python3.10/site-packages/utbots_tasks/states/__pycache__/basic_vision.cpython-310.pyc
/home/laser/ros2_ws/src/utbots_tasks/install/utbots_tasks/lib/python3.10/site-packages/utbots_tasks/states/__pycache__/__init__.cpython-310.pyc
/home/laser/ros2_ws/src/utbots_tasks/install/utbots_tasks/lib/python3.10/site-packages/utbots_tasks/states/__pycache__/basic_voice.cpython-310.pyc
/home/laser/ros2_ws/src/utbots_tasks/install/utbots_tasks/lib/python3.10/site-packages/utbots_tasks/states/__pycache__/basic_nav.cpython-310.pyc
/home/laser/ros2_ws/src/utbots_tasks/install/utbots_tasks/lib/python3.10/site-packages/utbots_tasks/states/__pycache__/logs.cpython-310.pyc
/home/laser/ros2_ws/src/utbots_tasks/install/utbots_tasks/share/ament_index/resource_index/packages/utbots_tasks
/home/laser/ros2_ws/src/utbots_tasks/install/utbots_tasks/share/utbots_tasks/package.xml
/home/laser/ros2_ws/src/utbots_tasks/install/utbots_tasks/share/utbots_tasks/launch/receptionist.launch.py
/home/laser/ros2_ws/src/utbots_tasks/install/utbots_tasks/share/utbots_tasks/launch/voice_nav.launch.py
/home/laser/ros2_ws/src/utbots_tasks/install/utbots_tasks/lib/python3.10/site-packages/utbots_tasks-0.0.0-py3.10.egg-info/SOURCES.txt
/home/laser/ros2_ws/src/utbots_tasks/install/utbots_tasks/lib/python3.10/site-packages/utbots_tasks-0.0.0-py3.10.egg-info/zip-safe
/home/laser/ros2_ws/src/utbots_tasks/install/utbots_tasks/lib/python3.10/site-packages/utbots_tasks-0.0.0-py3.10.egg-info/entry_points.txt
/home/laser/ros2_ws/src/utbots_tasks/install/utbots_tasks/lib/python3.10/site-packages/utbots_tasks-0.0.0-py3.10.egg-info/top_level.txt
/home/laser/ros2_ws/src/utbots_tasks/install/utbots_tasks/lib/python3.10/site-packages/utbots_tasks-0.0.0-py3.10.egg-info/PKG-INFO
/home/laser/ros2_ws/src/utbots_tasks/install/utbots_tasks/lib/python3.10/site-packages/utbots_tasks-0.0.0-py3.10.egg-info/requires.txt
/home/laser/ros2_ws/src/utbots_tasks/install/utbots_tasks/lib/python3.10/site-packages/utbots_tasks-0.0.0-py3.10.egg-info/dependency_links.txt
/home/laser/ros2_ws/src/utbots_tasks/install/utbots_tasks/lib/utbots_tasks/beverage_search
/home/laser/ros2_ws/src/utbots_tasks/install/utbots_tasks/lib/utbots_tasks/receptionist
/home/laser/ros2_ws/src/utbots_tasks/install/utbots_tasks/lib/utbots_tasks/recognition
/home/laser/ros2_ws/src/utbots_tasks/install/utbots_tasks/lib/utbots_tasks/voice_nav_smach
