[0.854s] DEBUG:colcon:Command line arguments: ['/usr/bin/colcon', 'build']
[0.854s] DEBUG:colcon:Parsed command line arguments: Namespace(log_base=None, log_level=None, verb_name='build', build_base='build', install_base='install', merge_install=False, symlink_install=False, test_result_base=None, continue_on_error=False, executor='parallel', parallel_workers=8, event_handlers=None, ignore_user_meta=False, metas=['./colcon.meta'], base_paths=['.'], packages_ignore=None, packages_ignore_regex=None, paths=None, packages_up_to=None, packages_up_to_regex=None, packages_above=None, packages_above_and_dependencies=None, packages_above_depth=None, packages_select_by_dep=None, packages_skip_by_dep=None, packages_skip_up_to=None, packages_select_build_failed=False, packages_skip_build_finished=False, packages_select_test_failures=False, packages_skip_test_passed=False, packages_select=None, packages_skip=None, packages_select_regex=None, packages_skip_regex=None, packages_start=None, packages_end=None, allow_overriding=[], cmake_args=None, cmake_target=None, cmake_target_skip_unavailable=False, cmake_clean_cache=False, cmake_clean_first=False, cmake_force_configure=False, ament_cmake_args=None, catkin_cmake_args=None, catkin_skip_building_tests=False, mixin_files=None, mixin=None, verb_parser=<colcon_mixin.mixin.mixin_argument.MixinArgumentDecorator object at 0x7d4ad827b1c0>, verb_extension=<colcon_core.verb.build.BuildVerb object at 0x7d4ad827a770>, main=<bound method BuildVerb.main of <colcon_core.verb.build.BuildVerb object at 0x7d4ad827a770>>, mixin_verb=('build',))
[2.135s] Level 1:colcon.colcon_core.package_discovery:discover_packages(colcon_meta) check parameters
[2.136s] Level 1:colcon.colcon_core.package_discovery:discover_packages(recursive) check parameters
[2.136s] Level 1:colcon.colcon_core.package_discovery:discover_packages(ignore) check parameters
[2.137s] Level 1:colcon.colcon_core.package_discovery:discover_packages(path) check parameters
[2.137s] Level 1:colcon.colcon_core.package_discovery:discover_packages(colcon_meta) discover
[2.137s] Level 1:colcon.colcon_core.package_discovery:discover_packages(recursive) discover
[2.138s] INFO:colcon.colcon_core.package_discovery:Crawling recursively for packages in '/home/robo/david_ws/src/utbots_tasks'
[2.138s] Level 1:colcon.colcon_core.package_identification:_identify(.) by extensions ['ignore', 'ignore_ament_install']
[2.139s] Level 1:colcon.colcon_core.package_identification:_identify(.) by extension 'ignore'
[2.140s] Level 1:colcon.colcon_core.package_identification:_identify(.) by extension 'ignore_ament_install'
[2.140s] Level 1:colcon.colcon_core.package_identification:_identify(.) by extensions ['colcon_pkg']
[2.140s] Level 1:colcon.colcon_core.package_identification:_identify(.) by extension 'colcon_pkg'
[2.141s] Level 1:colcon.colcon_core.package_identification:_identify(.) by extensions ['colcon_meta']
[2.141s] Level 1:colcon.colcon_core.package_identification:_identify(.) by extension 'colcon_meta'
[2.142s] Level 1:colcon.colcon_core.package_identification:_identify(.) by extensions ['ros']
[2.142s] Level 1:colcon.colcon_core.package_identification:_identify(.) by extension 'ros'
[2.271s] Level 1:colcon.colcon_core.package_identification:_identify(.) by extensions ['cmake', 'python']
[2.272s] Level 1:colcon.colcon_core.package_identification:_identify(.) by extension 'cmake'
[2.272s] Level 1:colcon.colcon_core.package_identification:_identify(.) by extension 'python'
[2.273s] Level 1:colcon.colcon_core.package_identification:_identify(.) by extensions ['python_setup_py']
[2.273s] Level 1:colcon.colcon_core.package_identification:_identify(.) by extension 'python_setup_py'
[2.274s] Level 1:colcon.colcon_core.package_identification:_identify(build) by extensions ['ignore', 'ignore_ament_install']
[2.275s] Level 1:colcon.colcon_core.package_identification:_identify(build) by extension 'ignore'
[2.275s] Level 1:colcon.colcon_core.package_identification:_identify(build) ignored
[2.276s] Level 1:colcon.colcon_core.package_identification:_identify(install) by extensions ['ignore', 'ignore_ament_install']
[2.277s] Level 1:colcon.colcon_core.package_identification:_identify(install) by extension 'ignore'
[2.277s] Level 1:colcon.colcon_core.package_identification:_identify(install) ignored
[2.278s] Level 1:colcon.colcon_core.package_identification:_identify(log) by extensions ['ignore', 'ignore_ament_install']
[2.278s] Level 1:colcon.colcon_core.package_identification:_identify(log) by extension 'ignore'
[2.279s] Level 1:colcon.colcon_core.package_identification:_identify(log) ignored
[2.279s] Level 1:colcon.colcon_core.package_identification:_identify(refs) by extensions ['ignore', 'ignore_ament_install']
[2.280s] Level 1:colcon.colcon_core.package_identification:_identify(refs) by extension 'ignore'
[2.280s] Level 1:colcon.colcon_core.package_identification:_identify(refs) by extension 'ignore_ament_install'
[2.281s] Level 1:colcon.colcon_core.package_identification:_identify(refs) by extensions ['colcon_pkg']
[2.281s] Level 1:colcon.colcon_core.package_identification:_identify(refs) by extension 'colcon_pkg'
[2.281s] Level 1:colcon.colcon_core.package_identification:_identify(refs) by extensions ['colcon_meta']
[2.281s] Level 1:colcon.colcon_core.package_identification:_identify(refs) by extension 'colcon_meta'
[2.282s] Level 1:colcon.colcon_core.package_identification:_identify(refs) by extensions ['ros']
[2.282s] Level 1:colcon.colcon_core.package_identification:_identify(refs) by extension 'ros'
[2.283s] Level 1:colcon.colcon_core.package_identification:_identify(refs) by extensions ['cmake', 'python']
[2.283s] Level 1:colcon.colcon_core.package_identification:_identify(refs) by extension 'cmake'
[2.283s] Level 1:colcon.colcon_core.package_identification:_identify(refs) by extension 'python'
[2.284s] Level 1:colcon.colcon_core.package_identification:_identify(refs) by extensions ['python_setup_py']
[2.284s] Level 1:colcon.colcon_core.package_identification:_identify(refs) by extension 'python_setup_py'
[2.284s] Level 1:colcon.colcon_core.package_identification:_identify(refs/old_code) by extensions ['ignore', 'ignore_ament_install']
[2.285s] Level 1:colcon.colcon_core.package_identification:_identify(refs/old_code) by extension 'ignore'
[2.286s] Level 1:colcon.colcon_core.package_identification:_identify(refs/old_code) by extension 'ignore_ament_install'
[2.286s] Level 1:colcon.colcon_core.package_identification:_identify(refs/old_code) by extensions ['colcon_pkg']
[2.286s] Level 1:colcon.colcon_core.package_identification:_identify(refs/old_code) by extension 'colcon_pkg'
[2.287s] Level 1:colcon.colcon_core.package_identification:_identify(refs/old_code) by extensions ['colcon_meta']
[2.287s] Level 1:colcon.colcon_core.package_identification:_identify(refs/old_code) by extension 'colcon_meta'
[2.287s] Level 1:colcon.colcon_core.package_identification:_identify(refs/old_code) by extensions ['ros']
[2.287s] Level 1:colcon.colcon_core.package_identification:_identify(refs/old_code) by extension 'ros'
[2.288s] Level 1:colcon.colcon_core.package_identification:_identify(refs/old_code) by extensions ['cmake', 'python']
[2.288s] Level 1:colcon.colcon_core.package_identification:_identify(refs/old_code) by extension 'cmake'
[2.288s] Level 1:colcon.colcon_core.package_identification:_identify(refs/old_code) by extension 'python'
[2.288s] Level 1:colcon.colcon_core.package_identification:_identify(refs/old_code) by extensions ['python_setup_py']
[2.289s] Level 1:colcon.colcon_core.package_identification:_identify(refs/old_code) by extension 'python_setup_py'
[2.289s] Level 1:colcon.colcon_core.package_identification:_identify(refs/tasks_stage1) by extensions ['ignore', 'ignore_ament_install']
[2.290s] Level 1:colcon.colcon_core.package_identification:_identify(refs/tasks_stage1) by extension 'ignore'
[2.290s] Level 1:colcon.colcon_core.package_identification:_identify(refs/tasks_stage1) by extension 'ignore_ament_install'
[2.291s] Level 1:colcon.colcon_core.package_identification:_identify(refs/tasks_stage1) by extensions ['colcon_pkg']
[2.291s] Level 1:colcon.colcon_core.package_identification:_identify(refs/tasks_stage1) by extension 'colcon_pkg'
[2.292s] Level 1:colcon.colcon_core.package_identification:_identify(refs/tasks_stage1) by extensions ['colcon_meta']
[2.292s] Level 1:colcon.colcon_core.package_identification:_identify(refs/tasks_stage1) by extension 'colcon_meta'
[2.292s] Level 1:colcon.colcon_core.package_identification:_identify(refs/tasks_stage1) by extensions ['ros']
[2.293s] Level 1:colcon.colcon_core.package_identification:_identify(refs/tasks_stage1) by extension 'ros'
[2.293s] Level 1:colcon.colcon_core.package_identification:_identify(refs/tasks_stage1) by extensions ['cmake', 'python']
[2.294s] Level 1:colcon.colcon_core.package_identification:_identify(refs/tasks_stage1) by extension 'cmake'
[2.294s] Level 1:colcon.colcon_core.package_identification:_identify(refs/tasks_stage1) by extension 'python'
[2.294s] Level 1:colcon.colcon_core.package_identification:_identify(refs/tasks_stage1) by extensions ['python_setup_py']
[2.295s] Level 1:colcon.colcon_core.package_identification:_identify(refs/tasks_stage1) by extension 'python_setup_py'
[2.296s] Level 1:colcon.colcon_core.package_identification:_identify(refs/tasks_stage2) by extensions ['ignore', 'ignore_ament_install']
[2.296s] Level 1:colcon.colcon_core.package_identification:_identify(refs/tasks_stage2) by extension 'ignore'
[2.297s] Level 1:colcon.colcon_core.package_identification:_identify(refs/tasks_stage2) by extension 'ignore_ament_install'
[2.297s] Level 1:colcon.colcon_core.package_identification:_identify(refs/tasks_stage2) by extensions ['colcon_pkg']
[2.297s] Level 1:colcon.colcon_core.package_identification:_identify(refs/tasks_stage2) by extension 'colcon_pkg'
[2.297s] Level 1:colcon.colcon_core.package_identification:_identify(refs/tasks_stage2) by extensions ['colcon_meta']
[2.298s] Level 1:colcon.colcon_core.package_identification:_identify(refs/tasks_stage2) by extension 'colcon_meta'
[2.298s] Level 1:colcon.colcon_core.package_identification:_identify(refs/tasks_stage2) by extensions ['ros']
[2.298s] Level 1:colcon.colcon_core.package_identification:_identify(refs/tasks_stage2) by extension 'ros'
[2.298s] Level 1:colcon.colcon_core.package_identification:_identify(refs/tasks_stage2) by extensions ['cmake', 'python']
[2.299s] Level 1:colcon.colcon_core.package_identification:_identify(refs/tasks_stage2) by extension 'cmake'
[2.299s] Level 1:colcon.colcon_core.package_identification:_identify(refs/tasks_stage2) by extension 'python'
[2.299s] Level 1:colcon.colcon_core.package_identification:_identify(refs/tasks_stage2) by extensions ['python_setup_py']
[2.299s] Level 1:colcon.colcon_core.package_identification:_identify(refs/tasks_stage2) by extension 'python_setup_py'
[2.300s] Level 1:colcon.colcon_core.package_identification:_identify(states) by extensions ['ignore', 'ignore_ament_install']
[2.300s] Level 1:colcon.colcon_core.package_identification:_identify(states) by extension 'ignore'
[2.301s] Level 1:colcon.colcon_core.package_identification:_identify(states) by extension 'ignore_ament_install'
[2.301s] Level 1:colcon.colcon_core.package_identification:_identify(states) by extensions ['colcon_pkg']
[2.301s] Level 1:colcon.colcon_core.package_identification:_identify(states) by extension 'colcon_pkg'
[2.302s] Level 1:colcon.colcon_core.package_identification:_identify(states) by extensions ['colcon_meta']
[2.302s] Level 1:colcon.colcon_core.package_identification:_identify(states) by extension 'colcon_meta'
[2.302s] Level 1:colcon.colcon_core.package_identification:_identify(states) by extensions ['ros']
[2.303s] Level 1:colcon.colcon_core.package_identification:_identify(states) by extension 'ros'
[2.303s] Level 1:colcon.colcon_core.package_identification:_identify(states) by extensions ['cmake', 'python']
[2.304s] Level 1:colcon.colcon_core.package_identification:_identify(states) by extension 'cmake'
[2.304s] Level 1:colcon.colcon_core.package_identification:_identify(states) by extension 'python'
[2.304s] Level 1:colcon.colcon_core.package_identification:_identify(states) by extensions ['python_setup_py']
[2.305s] Level 1:colcon.colcon_core.package_identification:_identify(states) by extension 'python_setup_py'
[2.306s] Level 1:colcon.colcon_core.package_identification:_identify(utbots_tasks) by extensions ['ignore', 'ignore_ament_install']
[2.306s] Level 1:colcon.colcon_core.package_identification:_identify(utbots_tasks) by extension 'ignore'
[2.307s] Level 1:colcon.colcon_core.package_identification:_identify(utbots_tasks) by extension 'ignore_ament_install'
[2.307s] Level 1:colcon.colcon_core.package_identification:_identify(utbots_tasks) by extensions ['colcon_pkg']
[2.308s] Level 1:colcon.colcon_core.package_identification:_identify(utbots_tasks) by extension 'colcon_pkg'
[2.308s] Level 1:colcon.colcon_core.package_identification:_identify(utbots_tasks) by extensions ['colcon_meta']
[2.308s] Level 1:colcon.colcon_core.package_identification:_identify(utbots_tasks) by extension 'colcon_meta'
[2.309s] Level 1:colcon.colcon_core.package_identification:_identify(utbots_tasks) by extensions ['ros']
[2.309s] Level 1:colcon.colcon_core.package_identification:_identify(utbots_tasks) by extension 'ros'
[2.327s] DEBUG:colcon.colcon_core.package_identification:Package 'utbots_tasks' with type 'ros.ament_python' and name 'utbots_tasks'
[2.328s] Level 1:colcon.colcon_core.package_discovery:discover_packages(recursive) using defaults
[2.328s] Level 1:colcon.colcon_core.package_discovery:discover_packages(ignore) discover
[2.328s] Level 1:colcon.colcon_core.package_discovery:discover_packages(ignore) using defaults
[2.328s] Level 1:colcon.colcon_core.package_discovery:discover_packages(path) discover
[2.328s] Level 1:colcon.colcon_core.package_discovery:discover_packages(path) using defaults
[2.461s] Level 1:colcon.colcon_core.package_discovery:discover_packages(prefix_path) check parameters
[2.462s] Level 1:colcon.colcon_core.package_discovery:discover_packages(prefix_path) discover
[2.474s] DEBUG:colcon.colcon_installed_package_information.package_discovery:Found 423 installed packages in /opt/ros/humble
[2.484s] Level 1:colcon.colcon_core.package_discovery:discover_packages(prefix_path) using defaults
[8.181s] Level 5:colcon.colcon_core.verb:set package 'utbots_tasks' build argument 'cmake_args' from command line to 'None'
[8.181s] Level 5:colcon.colcon_core.verb:set package 'utbots_tasks' build argument 'cmake_target' from command line to 'None'
[8.181s] Level 5:colcon.colcon_core.verb:set package 'utbots_tasks' build argument 'cmake_target_skip_unavailable' from command line to 'False'
[8.181s] Level 5:colcon.colcon_core.verb:set package 'utbots_tasks' build argument 'cmake_clean_cache' from command line to 'False'
[8.182s] Level 5:colcon.colcon_core.verb:set package 'utbots_tasks' build argument 'cmake_clean_first' from command line to 'False'
[8.182s] Level 5:colcon.colcon_core.verb:set package 'utbots_tasks' build argument 'cmake_force_configure' from command line to 'False'
[8.182s] Level 5:colcon.colcon_core.verb:set package 'utbots_tasks' build argument 'ament_cmake_args' from command line to 'None'
[8.182s] Level 5:colcon.colcon_core.verb:set package 'utbots_tasks' build argument 'catkin_cmake_args' from command line to 'None'
[8.182s] Level 5:colcon.colcon_core.verb:set package 'utbots_tasks' build argument 'catkin_skip_building_tests' from command line to 'False'
[8.182s] DEBUG:colcon.colcon_core.verb:Building package 'utbots_tasks' with the following arguments: {'ament_cmake_args': None, 'build_base': '/home/robo/david_ws/src/utbots_tasks/build/utbots_tasks', 'catkin_cmake_args': None, 'catkin_skip_building_tests': False, 'cmake_args': None, 'cmake_clean_cache': False, 'cmake_clean_first': False, 'cmake_force_configure': False, 'cmake_target': None, 'cmake_target_skip_unavailable': False, 'install_base': '/home/robo/david_ws/src/utbots_tasks/install/utbots_tasks', 'merge_install': False, 'path': '/home/robo/david_ws/src/utbots_tasks/utbots_tasks', 'symlink_install': False, 'test_result_base': None}
[8.183s] INFO:colcon.colcon_core.executor:Executing jobs using 'parallel' executor
[8.186s] DEBUG:colcon.colcon_parallel_executor.executor.parallel:run_until_complete
[8.187s] INFO:colcon.colcon_ros.task.ament_python.build:Building ROS package in '/home/robo/david_ws/src/utbots_tasks/utbots_tasks' with build type 'ament_python'
[8.189s] Level 1:colcon.colcon_core.shell:create_environment_hook('utbots_tasks', 'ament_prefix_path')
[8.297s] INFO:colcon.colcon_core.plugin_system:Skipping extension 'colcon_core.shell.bat': Not used on non-Windows systems
[8.299s] INFO:colcon.colcon_core.shell:Creating environment hook '/home/robo/david_ws/src/utbots_tasks/install/utbots_tasks/share/utbots_tasks/hook/ament_prefix_path.ps1'
[8.303s] INFO:colcon.colcon_core.shell:Creating environment descriptor '/home/robo/david_ws/src/utbots_tasks/install/utbots_tasks/share/utbots_tasks/hook/ament_prefix_path.dsv'
[8.307s] INFO:colcon.colcon_core.shell:Creating environment hook '/home/robo/david_ws/src/utbots_tasks/install/utbots_tasks/share/utbots_tasks/hook/ament_prefix_path.sh'
[8.313s] INFO:colcon.colcon_core.shell:Skip shell extension 'powershell' for command environment: Not usable outside of PowerShell
[8.314s] DEBUG:colcon.colcon_core.shell:Skip shell extension 'dsv' for command environment
[9.843s] INFO:colcon.colcon_core.task.python.build:Building Python package in '/home/robo/david_ws/src/utbots_tasks/utbots_tasks'
[9.844s] INFO:colcon.colcon_core.shell:Skip shell extension 'powershell' for command environment: Not usable outside of PowerShell
[9.844s] DEBUG:colcon.colcon_core.shell:Skip shell extension 'dsv' for command environment
[11.081s] DEBUG:colcon.colcon_core.event_handler.log_command:Invoking command in '/home/robo/david_ws/src/utbots_tasks/utbots_tasks': PYTHONPATH=/home/robo/david_ws/src/utbots_tasks/build/utbots_tasks/prefix_override:/usr/lib/python3/dist-packages/colcon_core/task/python/colcon_distutils_commands:/home/robo/david_ws/src/utbots_tasks/install/utbots_tasks/lib/python3.10/site-packages:${PYTHONPATH} /usr/bin/python3 -W ignore:setup.py install is deprecated -W ignore:easy_install command is deprecated setup.py egg_info --egg-base ../build/utbots_tasks build --build-base /home/robo/david_ws/src/utbots_tasks/build/utbots_tasks/build install --record /home/robo/david_ws/src/utbots_tasks/build/utbots_tasks/install.log --single-version-externally-managed install_data
[12.278s] DEBUG:colcon.colcon_core.event_handler.log_command:Invoked command in '/home/robo/david_ws/src/utbots_tasks/utbots_tasks' returned '0': PYTHONPATH=/home/robo/david_ws/src/utbots_tasks/build/utbots_tasks/prefix_override:/usr/lib/python3/dist-packages/colcon_core/task/python/colcon_distutils_commands:/home/robo/david_ws/src/utbots_tasks/install/utbots_tasks/lib/python3.10/site-packages:${PYTHONPATH} /usr/bin/python3 -W ignore:setup.py install is deprecated -W ignore:easy_install command is deprecated setup.py egg_info --egg-base ../build/utbots_tasks build --build-base /home/robo/david_ws/src/utbots_tasks/build/utbots_tasks/build install --record /home/robo/david_ws/src/utbots_tasks/build/utbots_tasks/install.log --single-version-externally-managed install_data
[12.473s] Level 1:colcon.colcon_core.environment:checking '/home/robo/david_ws/src/utbots_tasks/install/utbots_tasks' for CMake module files
[12.474s] Level 1:colcon.colcon_core.environment:checking '/home/robo/david_ws/src/utbots_tasks/install/utbots_tasks' for CMake config files
[12.477s] Level 1:colcon.colcon_core.environment:checking '/home/robo/david_ws/src/utbots_tasks/install/utbots_tasks/lib'
[12.477s] Level 1:colcon.colcon_core.environment:checking '/home/robo/david_ws/src/utbots_tasks/install/utbots_tasks/bin'
[12.478s] Level 1:colcon.colcon_core.environment:checking '/home/robo/david_ws/src/utbots_tasks/install/utbots_tasks/lib/pkgconfig/utbots_tasks.pc'
[12.478s] Level 1:colcon.colcon_core.environment:checking '/home/robo/david_ws/src/utbots_tasks/install/utbots_tasks/lib/python3.10/site-packages'
[12.479s] Level 1:colcon.colcon_core.shell:create_environment_hook('utbots_tasks', 'pythonpath')
[12.479s] INFO:colcon.colcon_core.shell:Creating environment hook '/home/robo/david_ws/src/utbots_tasks/install/utbots_tasks/share/utbots_tasks/hook/pythonpath.ps1'
[12.481s] INFO:colcon.colcon_core.shell:Creating environment descriptor '/home/robo/david_ws/src/utbots_tasks/install/utbots_tasks/share/utbots_tasks/hook/pythonpath.dsv'
[12.482s] INFO:colcon.colcon_core.shell:Creating environment hook '/home/robo/david_ws/src/utbots_tasks/install/utbots_tasks/share/utbots_tasks/hook/pythonpath.sh'
[12.483s] Level 1:colcon.colcon_core.environment:checking '/home/robo/david_ws/src/utbots_tasks/install/utbots_tasks/bin'
[12.484s] Level 1:colcon.colcon_core.environment:create_environment_scripts_only(utbots_tasks)
[12.485s] INFO:colcon.colcon_core.shell:Creating package script '/home/robo/david_ws/src/utbots_tasks/install/utbots_tasks/share/utbots_tasks/package.ps1'
[12.487s] INFO:colcon.colcon_core.shell:Creating package descriptor '/home/robo/david_ws/src/utbots_tasks/install/utbots_tasks/share/utbots_tasks/package.dsv'
[12.489s] INFO:colcon.colcon_core.shell:Creating package script '/home/robo/david_ws/src/utbots_tasks/install/utbots_tasks/share/utbots_tasks/package.sh'
[12.492s] INFO:colcon.colcon_core.shell:Creating package script '/home/robo/david_ws/src/utbots_tasks/install/utbots_tasks/share/utbots_tasks/package.bash'
[12.494s] INFO:colcon.colcon_core.shell:Creating package script '/home/robo/david_ws/src/utbots_tasks/install/utbots_tasks/share/utbots_tasks/package.zsh'
[12.496s] Level 1:colcon.colcon_core.environment:create_file_with_runtime_dependencies(/home/robo/david_ws/src/utbots_tasks/install/utbots_tasks/share/colcon-core/packages/utbots_tasks)
[12.496s] DEBUG:colcon.colcon_parallel_executor.executor.parallel:closing loop
[12.497s] DEBUG:colcon.colcon_parallel_executor.executor.parallel:loop closed
[12.497s] DEBUG:colcon.colcon_parallel_executor.executor.parallel:run_until_complete finished with '0'
[12.498s] DEBUG:colcon.colcon_core.event_reactor:joining thread
[12.560s] INFO:colcon.colcon_core.plugin_system:Skipping extension 'colcon_notification.desktop_notification.terminal_notifier': Not used on non-Darwin systems
[12.560s] INFO:colcon.colcon_core.plugin_system:Skipping extension 'colcon_notification.desktop_notification.win32': Not used on non-Windows systems
[12.560s] INFO:colcon.colcon_notification.desktop_notification:Sending desktop notification using 'notify2'
[12.603s] DEBUG:colcon.colcon_core.event_reactor:joined thread
[12.604s] INFO:colcon.colcon_core.shell:Creating prefix script '/home/robo/david_ws/src/utbots_tasks/install/local_setup.ps1'
[12.623s] INFO:colcon.colcon_core.shell:Creating prefix util module '/home/robo/david_ws/src/utbots_tasks/install/_local_setup_util_ps1.py'
[12.642s] INFO:colcon.colcon_core.shell:Creating prefix chain script '/home/robo/david_ws/src/utbots_tasks/install/setup.ps1'
[12.647s] INFO:colcon.colcon_core.shell:Creating prefix script '/home/robo/david_ws/src/utbots_tasks/install/local_setup.sh'
[12.650s] INFO:colcon.colcon_core.shell:Creating prefix util module '/home/robo/david_ws/src/utbots_tasks/install/_local_setup_util_sh.py'
[12.653s] INFO:colcon.colcon_core.shell:Creating prefix chain script '/home/robo/david_ws/src/utbots_tasks/install/setup.sh'
[12.658s] INFO:colcon.colcon_core.shell:Creating prefix script '/home/robo/david_ws/src/utbots_tasks/install/local_setup.bash'
[12.682s] INFO:colcon.colcon_core.shell:Creating prefix chain script '/home/robo/david_ws/src/utbots_tasks/install/setup.bash'
[12.686s] INFO:colcon.colcon_core.shell:Creating prefix script '/home/robo/david_ws/src/utbots_tasks/install/local_setup.zsh'
[12.712s] INFO:colcon.colcon_core.shell:Creating prefix chain script '/home/robo/david_ws/src/utbots_tasks/install/setup.zsh'
