[0.424s] Invoking command in '/home/laser/ros2_ws/src/utbots_tasks': PYTHONPATH=/home/laser/ros2_ws/src/utbots_tasks/build/utbots_tasks/prefix_override:/usr/lib/python3/dist-packages/colcon_core/task/python/colcon_distutils_commands:/home/laser/ros2_ws/src/utbots_tasks/install/utbots_tasks/lib/python3.10/site-packages:${PYTHONPATH} VIRTUAL_ENV_PROMPT=(ros_env) /usr/bin/python3 -W ignore:setup.py install is deprecated -W ignore:easy_install command is deprecated setup.py egg_info --egg-base build/utbots_tasks build --build-base /home/laser/ros2_ws/src/utbots_tasks/build/utbots_tasks/build install --record /home/laser/ros2_ws/src/utbots_tasks/build/utbots_tasks/install.log --single-version-externally-managed install_data
[0.592s] running egg_info
[0.593s] creating build/utbots_tasks/utbots_tasks.egg-info
[0.593s] writing build/utbots_tasks/utbots_tasks.egg-info/PKG-INFO
[0.593s] writing dependency_links to build/utbots_tasks/utbots_tasks.egg-info/dependency_links.txt
[0.593s] writing entry points to build/utbots_tasks/utbots_tasks.egg-info/entry_points.txt
[0.593s] writing requirements to build/utbots_tasks/utbots_tasks.egg-info/requires.txt
[0.593s] writing top-level names to build/utbots_tasks/utbots_tasks.egg-info/top_level.txt
[0.593s] writing manifest file 'build/utbots_tasks/utbots_tasks.egg-info/SOURCES.txt'
[0.594s] reading manifest file 'build/utbots_tasks/utbots_tasks.egg-info/SOURCES.txt'
[0.595s] writing manifest file 'build/utbots_tasks/utbots_tasks.egg-info/SOURCES.txt'
[0.595s] running build
[0.595s] running build_py
[0.595s] creating /home/laser/ros2_ws/src/utbots_tasks/build/utbots_tasks/build
[0.595s] creating /home/laser/ros2_ws/src/utbots_tasks/build/utbots_tasks/build/lib
[0.595s] creating /home/laser/ros2_ws/src/utbots_tasks/build/utbots_tasks/build/lib/utbots_tasks
[0.595s] copying utbots_tasks/__init__.py -> /home/laser/ros2_ws/src/utbots_tasks/build/utbots_tasks/build/lib/utbots_tasks
[0.595s] creating /home/laser/ros2_ws/src/utbots_tasks/build/utbots_tasks/build/lib/utbots_tasks/tasks
[0.595s] copying utbots_tasks/tasks/receptionist.py -> /home/laser/ros2_ws/src/utbots_tasks/build/utbots_tasks/build/lib/utbots_tasks/tasks
[0.595s] copying utbots_tasks/tasks/beverage_search.py -> /home/laser/ros2_ws/src/utbots_tasks/build/utbots_tasks/build/lib/utbots_tasks/tasks
[0.595s] copying utbots_tasks/tasks/voice_nav.py -> /home/laser/ros2_ws/src/utbots_tasks/build/utbots_tasks/build/lib/utbots_tasks/tasks
[0.595s] copying utbots_tasks/tasks/__init__.py -> /home/laser/ros2_ws/src/utbots_tasks/build/utbots_tasks/build/lib/utbots_tasks/tasks
[0.595s] creating /home/laser/ros2_ws/src/utbots_tasks/build/utbots_tasks/build/lib/utbots_tasks/states
[0.595s] copying utbots_tasks/states/basic_face.py -> /home/laser/ros2_ws/src/utbots_tasks/build/utbots_tasks/build/lib/utbots_tasks/states
[0.595s] copying utbots_tasks/states/basic_vision.py -> /home/laser/ros2_ws/src/utbots_tasks/build/utbots_tasks/build/lib/utbots_tasks/states
[0.595s] copying utbots_tasks/states/__init__.py -> /home/laser/ros2_ws/src/utbots_tasks/build/utbots_tasks/build/lib/utbots_tasks/states
[0.595s] copying utbots_tasks/states/basic_voice.py -> /home/laser/ros2_ws/src/utbots_tasks/build/utbots_tasks/build/lib/utbots_tasks/states
[0.595s] copying utbots_tasks/states/basic_nav.py -> /home/laser/ros2_ws/src/utbots_tasks/build/utbots_tasks/build/lib/utbots_tasks/states
[0.596s] copying utbots_tasks/states/logs.py -> /home/laser/ros2_ws/src/utbots_tasks/build/utbots_tasks/build/lib/utbots_tasks/states
[0.603s] running install
[0.604s] running install_lib
[0.604s] creating /home/laser/ros2_ws/src/utbots_tasks/install/utbots_tasks/lib/python3.10/site-packages/utbots_tasks
[0.604s] copying /home/laser/ros2_ws/src/utbots_tasks/build/utbots_tasks/build/lib/utbots_tasks/__init__.py -> /home/laser/ros2_ws/src/utbots_tasks/install/utbots_tasks/lib/python3.10/site-packages/utbots_tasks
[0.604s] creating /home/laser/ros2_ws/src/utbots_tasks/install/utbots_tasks/lib/python3.10/site-packages/utbots_tasks/tasks
[0.604s] copying /home/laser/ros2_ws/src/utbots_tasks/build/utbots_tasks/build/lib/utbots_tasks/tasks/receptionist.py -> /home/laser/ros2_ws/src/utbots_tasks/install/utbots_tasks/lib/python3.10/site-packages/utbots_tasks/tasks
[0.604s] copying /home/laser/ros2_ws/src/utbots_tasks/build/utbots_tasks/build/lib/utbots_tasks/tasks/beverage_search.py -> /home/laser/ros2_ws/src/utbots_tasks/install/utbots_tasks/lib/python3.10/site-packages/utbots_tasks/tasks
[0.604s] copying /home/laser/ros2_ws/src/utbots_tasks/build/utbots_tasks/build/lib/utbots_tasks/tasks/voice_nav.py -> /home/laser/ros2_ws/src/utbots_tasks/install/utbots_tasks/lib/python3.10/site-packages/utbots_tasks/tasks
[0.604s] copying /home/laser/ros2_ws/src/utbots_tasks/build/utbots_tasks/build/lib/utbots_tasks/tasks/__init__.py -> /home/laser/ros2_ws/src/utbots_tasks/install/utbots_tasks/lib/python3.10/site-packages/utbots_tasks/tasks
[0.604s] creating /home/laser/ros2_ws/src/utbots_tasks/install/utbots_tasks/lib/python3.10/site-packages/utbots_tasks/states
[0.605s] copying /home/laser/ros2_ws/src/utbots_tasks/build/utbots_tasks/build/lib/utbots_tasks/states/basic_face.py -> /home/laser/ros2_ws/src/utbots_tasks/install/utbots_tasks/lib/python3.10/site-packages/utbots_tasks/states
[0.605s] copying /home/laser/ros2_ws/src/utbots_tasks/build/utbots_tasks/build/lib/utbots_tasks/states/basic_vision.py -> /home/laser/ros2_ws/src/utbots_tasks/install/utbots_tasks/lib/python3.10/site-packages/utbots_tasks/states
[0.605s] copying /home/laser/ros2_ws/src/utbots_tasks/build/utbots_tasks/build/lib/utbots_tasks/states/__init__.py -> /home/laser/ros2_ws/src/utbots_tasks/install/utbots_tasks/lib/python3.10/site-packages/utbots_tasks/states
[0.605s] copying /home/laser/ros2_ws/src/utbots_tasks/build/utbots_tasks/build/lib/utbots_tasks/states/basic_voice.py -> /home/laser/ros2_ws/src/utbots_tasks/install/utbots_tasks/lib/python3.10/site-packages/utbots_tasks/states
[0.605s] copying /home/laser/ros2_ws/src/utbots_tasks/build/utbots_tasks/build/lib/utbots_tasks/states/basic_nav.py -> /home/laser/ros2_ws/src/utbots_tasks/install/utbots_tasks/lib/python3.10/site-packages/utbots_tasks/states
[0.605s] copying /home/laser/ros2_ws/src/utbots_tasks/build/utbots_tasks/build/lib/utbots_tasks/states/logs.py -> /home/laser/ros2_ws/src/utbots_tasks/install/utbots_tasks/lib/python3.10/site-packages/utbots_tasks/states
[0.605s] byte-compiling /home/laser/ros2_ws/src/utbots_tasks/install/utbots_tasks/lib/python3.10/site-packages/utbots_tasks/__init__.py to __init__.cpython-310.pyc
[0.605s] byte-compiling /home/laser/ros2_ws/src/utbots_tasks/install/utbots_tasks/lib/python3.10/site-packages/utbots_tasks/tasks/receptionist.py to receptionist.cpython-310.pyc
[0.606s] byte-compiling /home/laser/ros2_ws/src/utbots_tasks/install/utbots_tasks/lib/python3.10/site-packages/utbots_tasks/tasks/beverage_search.py to beverage_search.cpython-310.pyc
[0.607s] byte-compiling /home/laser/ros2_ws/src/utbots_tasks/install/utbots_tasks/lib/python3.10/site-packages/utbots_tasks/tasks/voice_nav.py to voice_nav.cpython-310.pyc
[0.608s] byte-compiling /home/laser/ros2_ws/src/utbots_tasks/install/utbots_tasks/lib/python3.10/site-packages/utbots_tasks/tasks/__init__.py to __init__.cpython-310.pyc
[0.608s] byte-compiling /home/laser/ros2_ws/src/utbots_tasks/install/utbots_tasks/lib/python3.10/site-packages/utbots_tasks/states/basic_face.py to basic_face.cpython-310.pyc
[0.609s] byte-compiling /home/laser/ros2_ws/src/utbots_tasks/install/utbots_tasks/lib/python3.10/site-packages/utbots_tasks/states/basic_vision.py to basic_vision.cpython-310.pyc
[0.609s] byte-compiling /home/laser/ros2_ws/src/utbots_tasks/install/utbots_tasks/lib/python3.10/site-packages/utbots_tasks/states/__init__.py to __init__.cpython-310.pyc
[0.609s] byte-compiling /home/laser/ros2_ws/src/utbots_tasks/install/utbots_tasks/lib/python3.10/site-packages/utbots_tasks/states/basic_voice.py to basic_voice.cpython-310.pyc
[0.610s] byte-compiling /home/laser/ros2_ws/src/utbots_tasks/install/utbots_tasks/lib/python3.10/site-packages/utbots_tasks/states/basic_nav.py to basic_nav.cpython-310.pyc
[0.611s] byte-compiling /home/laser/ros2_ws/src/utbots_tasks/install/utbots_tasks/lib/python3.10/site-packages/utbots_tasks/states/logs.py to logs.cpython-310.pyc
[0.612s] running install_data
[0.612s] creating /home/laser/ros2_ws/src/utbots_tasks/install/utbots_tasks/share/ament_index
[0.612s] creating /home/laser/ros2_ws/src/utbots_tasks/install/utbots_tasks/share/ament_index/resource_index
[0.612s] creating /home/laser/ros2_ws/src/utbots_tasks/install/utbots_tasks/share/ament_index/resource_index/packages
[0.612s] copying resource/utbots_tasks -> /home/laser/ros2_ws/src/utbots_tasks/install/utbots_tasks/share/ament_index/resource_index/packages
[0.612s] copying package.xml -> /home/laser/ros2_ws/src/utbots_tasks/install/utbots_tasks/share/utbots_tasks
[0.612s] creating /home/laser/ros2_ws/src/utbots_tasks/install/utbots_tasks/share/utbots_tasks/launch
[0.612s] copying launch/receptionist.launch.py -> /home/laser/ros2_ws/src/utbots_tasks/install/utbots_tasks/share/utbots_tasks/launch
[0.612s] copying launch/voice_nav.launch.py -> /home/laser/ros2_ws/src/utbots_tasks/install/utbots_tasks/share/utbots_tasks/launch
[0.612s] running install_egg_info
[0.613s] Copying build/utbots_tasks/utbots_tasks.egg-info to /home/laser/ros2_ws/src/utbots_tasks/install/utbots_tasks/lib/python3.10/site-packages/utbots_tasks-0.0.0-py3.10.egg-info
[0.614s] running install_scripts
[0.628s] Installing beverage_search script to /home/laser/ros2_ws/src/utbots_tasks/install/utbots_tasks/lib/utbots_tasks
[0.628s] Installing receptionist script to /home/laser/ros2_ws/src/utbots_tasks/install/utbots_tasks/lib/utbots_tasks
[0.628s] Installing recognition script to /home/laser/ros2_ws/src/utbots_tasks/install/utbots_tasks/lib/utbots_tasks
[0.628s] Installing voice_nav_smach script to /home/laser/ros2_ws/src/utbots_tasks/install/utbots_tasks/lib/utbots_tasks
[0.628s] writing list of installed files to '/home/laser/ros2_ws/src/utbots_tasks/build/utbots_tasks/install.log'
[0.642s] Invoked command in '/home/laser/ros2_ws/src/utbots_tasks' returned '0': PYTHONPATH=/home/laser/ros2_ws/src/utbots_tasks/build/utbots_tasks/prefix_override:/usr/lib/python3/dist-packages/colcon_core/task/python/colcon_distutils_commands:/home/laser/ros2_ws/src/utbots_tasks/install/utbots_tasks/lib/python3.10/site-packages:${PYTHONPATH} VIRTUAL_ENV_PROMPT=(ros_env) /usr/bin/python3 -W ignore:setup.py install is deprecated -W ignore:easy_install command is deprecated setup.py egg_info --egg-base build/utbots_tasks build --build-base /home/laser/ros2_ws/src/utbots_tasks/build/utbots_tasks/build install --record /home/laser/ros2_ws/src/utbots_tasks/build/utbots_tasks/install.log --single-version-externally-managed install_data
