running egg_info
writing build/utbots_tasks/utbots_tasks.egg-info/PKG-INFO
writing dependency_links to build/utbots_tasks/utbots_tasks.egg-info/dependency_links.txt
writing entry points to build/utbots_tasks/utbots_tasks.egg-info/entry_points.txt
writing requirements to build/utbots_tasks/utbots_tasks.egg-info/requires.txt
writing top-level names to build/utbots_tasks/utbots_tasks.egg-info/top_level.txt
reading manifest file 'build/utbots_tasks/utbots_tasks.egg-info/SOURCES.txt'
writing manifest file 'build/utbots_tasks/utbots_tasks.egg-info/SOURCES.txt'
running build
running build_py
copying utbots_tasks/tasks/receptionist.py -> /home/laser/ros2_ws/src/utbots_tasks/build/utbots_tasks/build/lib/utbots_tasks/tasks
copying utbots_tasks/tasks/beverage_search.py -> /home/laser/ros2_ws/src/utbots_tasks/build/utbots_tasks/build/lib/utbots_tasks/tasks
copying utbots_tasks/tasks/voice_nav.py -> /home/laser/ros2_ws/src/utbots_tasks/build/utbots_tasks/build/lib/utbots_tasks/tasks
copying utbots_tasks/states/basic_voice.py -> /home/laser/ros2_ws/src/utbots_tasks/build/utbots_tasks/build/lib/utbots_tasks/states
copying utbots_tasks/states/basic_nav.py -> /home/laser/ros2_ws/src/utbots_tasks/build/utbots_tasks/build/lib/utbots_tasks/states
running install
running install_lib
copying /home/laser/ros2_ws/src/utbots_tasks/build/utbots_tasks/build/lib/utbots_tasks/tasks/receptionist.py -> /home/laser/ros2_ws/src/utbots_tasks/install/utbots_tasks/lib/python3.10/site-packages/utbots_tasks/tasks
copying /home/laser/ros2_ws/src/utbots_tasks/build/utbots_tasks/build/lib/utbots_tasks/tasks/beverage_search.py -> /home/laser/ros2_ws/src/utbots_tasks/install/utbots_tasks/lib/python3.10/site-packages/utbots_tasks/tasks
copying /home/laser/ros2_ws/src/utbots_tasks/build/utbots_tasks/build/lib/utbots_tasks/tasks/voice_nav.py -> /home/laser/ros2_ws/src/utbots_tasks/install/utbots_tasks/lib/python3.10/site-packages/utbots_tasks/tasks
copying /home/laser/ros2_ws/src/utbots_tasks/build/utbots_tasks/build/lib/utbots_tasks/states/basic_voice.py -> /home/laser/ros2_ws/src/utbots_tasks/install/utbots_tasks/lib/python3.10/site-packages/utbots_tasks/states
copying /home/laser/ros2_ws/src/utbots_tasks/build/utbots_tasks/build/lib/utbots_tasks/states/basic_nav.py -> /home/laser/ros2_ws/src/utbots_tasks/install/utbots_tasks/lib/python3.10/site-packages/utbots_tasks/states
byte-compiling /home/laser/ros2_ws/src/utbots_tasks/install/utbots_tasks/lib/python3.10/site-packages/utbots_tasks/tasks/receptionist.py to receptionist.cpython-310.pyc
byte-compiling /home/laser/ros2_ws/src/utbots_tasks/install/utbots_tasks/lib/python3.10/site-packages/utbots_tasks/tasks/beverage_search.py to beverage_search.cpython-310.pyc
byte-compiling /home/laser/ros2_ws/src/utbots_tasks/install/utbots_tasks/lib/python3.10/site-packages/utbots_tasks/tasks/voice_nav.py to voice_nav.cpython-310.pyc
byte-compiling /home/laser/ros2_ws/src/utbots_tasks/install/utbots_tasks/lib/python3.10/site-packages/utbots_tasks/states/basic_voice.py to basic_voice.cpython-310.pyc
byte-compiling /home/laser/ros2_ws/src/utbots_tasks/install/utbots_tasks/lib/python3.10/site-packages/utbots_tasks/states/basic_nav.py to basic_nav.cpython-310.pyc
running install_data
copying launch/receptionist.launch.py -> /home/laser/ros2_ws/src/utbots_tasks/install/utbots_tasks/share/utbots_tasks/launch
copying launch/voice_nav.launch.py -> /home/laser/ros2_ws/src/utbots_tasks/install/utbots_tasks/share/utbots_tasks/launch
running install_egg_info
removing '/home/laser/ros2_ws/src/utbots_tasks/install/utbots_tasks/lib/python3.10/site-packages/utbots_tasks-0.0.0-py3.10.egg-info' (and everything under it)
Copying build/utbots_tasks/utbots_tasks.egg-info to /home/laser/ros2_ws/src/utbots_tasks/install/utbots_tasks/lib/python3.10/site-packages/utbots_tasks-0.0.0-py3.10.egg-info
running install_scripts
Installing beverage_search script to /home/laser/ros2_ws/src/utbots_tasks/install/utbots_tasks/lib/utbots_tasks
Installing receptionist script to /home/laser/ros2_ws/src/utbots_tasks/install/utbots_tasks/lib/utbots_tasks
Installing recognition script to /home/laser/ros2_ws/src/utbots_tasks/install/utbots_tasks/lib/utbots_tasks
Installing voice_nav_smach script to /home/laser/ros2_ws/src/utbots_tasks/install/utbots_tasks/lib/utbots_tasks
writing list of installed files to '/home/laser/ros2_ws/src/utbots_tasks/build/utbots_tasks/install.log'
